[INFO] Scanning for projects...
[INFO] 
[INFO] --< com.example:AI-01-01-G10-Salon-and-AI-based-Hair-Style-Recommendation-System >--
[INFO] Building AI-01-01-G10-Salon-and-AI-based-Hair-Style-Recommendation-System 0.0.1-SNAPSHOT
[INFO]   from pom.xml
[INFO] --------------------------------[ jar ]---------------------------------
[INFO] 
[INFO] --- clean:3.5.0:clean (default-clean) @ AI-01-01-G10-Salon-and-AI-based-Hair-Style-Recommendation-System ---
[INFO] Deleting C:\Users\USER\Desktop\AI-01-01-G10-Salon-and-AI-based-Hair-Style-Recommendation-System\target
[INFO] 
[INFO] --- resources:3.3.1:resources (default-resources) @ AI-01-01-G10-Salon-and-AI-based-Hair-Style-Recommendation-System ---
[INFO] Copying 1 resource from src\main\resources to target\classes
[INFO] Copying 42 resources from src\main\resources to target\classes
[INFO] 
[INFO] --- compiler:3.14.1:compile (default-compile) @ AI-01-01-G10-Salon-and-AI-based-Hair-Style-Recommendation-System ---
[INFO] Recompiling the module because of changed source code.
[INFO] Compiling 33 source files with javac [debug parameters release 17] to target\classes
.\mvnw : WARNING: A terminally deprecated method in sun.misc.Unsafe has been called
At line:1 char:1
+ .\mvnw clean compile > compile_errors.txt 2>&1
+ ~~~~~~~~~~~~~~~~~~~~~~~~~~~~~~~~~~~~~~~~~~~~~~
    + CategoryInfo          : NotSpecified: (WARNING: A term...has been called:String) [], RemoteException
    + FullyQualifiedErrorId : NativeCommandError
 
WARNING: sun.misc.Unsafe::objectFieldOffset has been called by lombok.permit.Permit
WARNING: Please consider reporting this to the maintainers of class lombok.permit.Permit
WARNING: sun.misc.Unsafe::objectFieldOffset will be removed in a future release
[INFO] ------------------------------------------------------------------------
[INFO] BUILD SUCCESS
[INFO] ------------------------------------------------------------------------
[INFO] Total time:  7.130 s
[INFO] Finished at: 2026-04-11T16:11:45+05:30
[INFO] ------------------------------------------------------------------------
